###############################################################################
#
# IAR ELF Linker V9.50.2.385/W64 for ARM                  26/Jan/2025  14:38:40
# Copyright 2007-2024 IAR Systems AB.
#
#    Output file                  =
#        D:\Projects\GIT\NrfBareMetal\Debug\Exe\baremetal.out
#    Map file                     =
#        D:\Projects\GIT\NrfBareMetal\Debug\List\baremetal.map
#    Import CMSE library file out =
#        D:\Projects\GIT\NrfBareMetal\Debug\Exe\baremetal_import_lib.o
#    Command line                 =
#        -f D:\Projects\GIT\NrfBareMetal\Debug\Exe\baremetal.out.rsp
#        (D:\Projects\GIT\NrfBareMetal\Debug\Obj\iar_startup_nrf5340_application.o
#        D:\Projects\GIT\NrfBareMetal\Debug\Obj\main.o
#        D:\Projects\GIT\NrfBareMetal\Debug\Obj\src_15346631385785888340.dir\system_nrf5340_application.o
#        --no_out_extension -o
#        D:\Projects\GIT\NrfBareMetal\Debug\Exe\baremetal.out --map
#        D:\Projects\GIT\NrfBareMetal\Debug\List\baremetal.map --config
#        "C:\Program Files\IAR Systems\Embedded Workbench
#        9.2\arm/config/linker/NordicSemi/nrf5340_xxaa_app.icf" --semihosting
#        --entry __iar_program_start --vfe --text_out locale
#        --import_cmse_lib_out
#        D:\Projects\GIT\NrfBareMetal\Debug\Exe\baremetal_import_lib.o
#        --cpu=Cortex-M33.no_dsp --fpu=VFPv5_sp) --dependencies=n
#        D:\Projects\GIT\NrfBareMetal\Debug\Exe\baremetal.out.iar_deps
#
###############################################################################

*******************************************************************************
*** RUNTIME MODEL ATTRIBUTES
***

CppFlavor       = *
__CPP_Runtime   = 1
__SystemLibrary = DLib
__dlib_version  = 6


*******************************************************************************
*** HEAP SELECTION
***

The basic heap was selected because --advanced_heap
was not specified and the application did not appear to
be primarily optimized for speed.


*******************************************************************************
*** PLACEMENT SUMMARY
***

"A0":  place at address 0x0 { ro section .intvec };
"P1":  place in [from 0x0 to 0xf'ffff] { ro };
define block CSTACK with size = 16K, alignment = 8 { };
define block PROC_STACK with size = 0, alignment = 8 { };
define block HEAP with size = 16K, alignment = 8 { };
"P2":  place in [from 0x2000'0000 to 0x2000'ffff repeat 8] {
          rw, block CSTACK, block PROC_STACK, block HEAP };
initialize by copy { rw };

  Section            Kind         Address  Aligment    Size  Object
  -------            ----         -------  --------    ----  ------
"A0":                                                 0x400
  .intvec            ro code          0x0         4   0x400  iar_startup_nrf5340_application.o [1]
                                  - 0x400             0x400

"P1":                                                 0x6a8
  .text              ro code        0x400         4   0x428  system_nrf5340_application.o [2]
  .text              ro code        0x828         4   0x118  main.o [1]
  .text              ro code        0x940         4    0x2a  data_init.o [5]
  .text              ro code        0x96a         2    0x2a  copy_init3.o [5]
  .text              ro code        0x994         4    0x22  fpinit_M.o [4]
  .iar.init_table    const          0x9b8         4    0x14  - Linker created -
  .text              ro code        0x9cc         2     0x2  iar_startup_nrf5340_application.o [1]
  .text              ro code        0x9d0         4    0x1e  cmain.o [5]
  .text              ro code        0x9ee         2     0x4  low_level_init.o [3]
  .text              ro code        0x9f2         2     0x4  exit.o [3]
  .text              ro code        0x9f6         2     0x2  iar_startup_nrf5340_application.o [1]
  .text              ro code        0x9f8         4     0xa  cexit.o [5]
  .text              ro code        0xa02         2     0x2  iar_startup_nrf5340_application.o [1]
  .text              ro code        0xa04         4    0x14  exit.o [6]
  .text              ro code        0xa18         4    0x1c  cstartup_M.o [5]
  .text              ro code        0xa34         4    0x10  iar_startup_nrf5340_application.o [1]
  .text              ro code        0xa44         2     0x2  iar_startup_nrf5340_application.o [1]
  .text              ro code        0xa46         2     0x2  iar_startup_nrf5340_application.o [1]
  .text              ro code        0xa48         2     0x2  iar_startup_nrf5340_application.o [1]
  .text              ro code        0xa4a         2     0x2  iar_startup_nrf5340_application.o [1]
  .text              ro code        0xa4c         2     0x2  iar_startup_nrf5340_application.o [1]
  .text              ro code        0xa4e         2     0x2  iar_startup_nrf5340_application.o [1]
  .text              ro code        0xa50         2     0x2  iar_startup_nrf5340_application.o [1]
  .text              ro code        0xa52         2     0x2  iar_startup_nrf5340_application.o [1]
  .text              ro code        0xa54         2     0x2  iar_startup_nrf5340_application.o [1]
  .text              ro code        0xa56         2     0x2  iar_startup_nrf5340_application.o [1]
  .text              ro code        0xa58         2     0x2  iar_startup_nrf5340_application.o [1]
  .text              ro code        0xa5a         2     0x2  iar_startup_nrf5340_application.o [1]
  .text              ro code        0xa5c         2     0x2  iar_startup_nrf5340_application.o [1]
  .text              ro code        0xa5e         2     0x2  iar_startup_nrf5340_application.o [1]
  .text              ro code        0xa60         2     0x2  iar_startup_nrf5340_application.o [1]
  .text              ro code        0xa62         2     0x2  iar_startup_nrf5340_application.o [1]
  .text              ro code        0xa64         2     0x2  iar_startup_nrf5340_application.o [1]
  .text              ro code        0xa66         2     0x2  iar_startup_nrf5340_application.o [1]
  .text              ro code        0xa68         2     0x2  iar_startup_nrf5340_application.o [1]
  .text              ro code        0xa6a         2     0x2  iar_startup_nrf5340_application.o [1]
  .text              ro code        0xa6c         2     0x2  iar_startup_nrf5340_application.o [1]
  .text              ro code        0xa6e         2     0x2  iar_startup_nrf5340_application.o [1]
  .text              ro code        0xa70         2     0x2  iar_startup_nrf5340_application.o [1]
  .text              ro code        0xa72         2     0x2  iar_startup_nrf5340_application.o [1]
  .text              ro code        0xa74         2     0x2  iar_startup_nrf5340_application.o [1]
  .text              ro code        0xa76         2     0x2  iar_startup_nrf5340_application.o [1]
  .text              ro code        0xa78         2     0x2  iar_startup_nrf5340_application.o [1]
  .text              ro code        0xa7a         2     0x2  iar_startup_nrf5340_application.o [1]
  .text              ro code        0xa7c         2     0x2  iar_startup_nrf5340_application.o [1]
  .text              ro code        0xa7e         2     0x2  iar_startup_nrf5340_application.o [1]
  .text              ro code        0xa80         2     0x2  iar_startup_nrf5340_application.o [1]
  .text              ro code        0xa82         2     0x2  iar_startup_nrf5340_application.o [1]
  .text              ro code        0xa84         2     0x2  iar_startup_nrf5340_application.o [1]
  .text              ro code        0xa86         2     0x2  iar_startup_nrf5340_application.o [1]
  .text              ro code        0xa88         2     0x2  iar_startup_nrf5340_application.o [1]
  .text              ro code        0xa8a         2     0x2  iar_startup_nrf5340_application.o [1]
  .text              ro code        0xa8c         2     0x2  iar_startup_nrf5340_application.o [1]
  .text              ro code        0xa8e         2     0x2  iar_startup_nrf5340_application.o [1]
  .text              ro code        0xa90         2     0x2  iar_startup_nrf5340_application.o [1]
  .text              ro code        0xa92         2     0x2  iar_startup_nrf5340_application.o [1]
  .text              ro code        0xa94         2     0x2  iar_startup_nrf5340_application.o [1]
  .text              ro code        0xa96         2     0x2  iar_startup_nrf5340_application.o [1]
  .text              ro code        0xa98         2     0x2  iar_startup_nrf5340_application.o [1]
  .text              ro code        0xa9a         2     0x2  iar_startup_nrf5340_application.o [1]
  .text              ro code        0xa9c         2     0x2  iar_startup_nrf5340_application.o [1]
  .text              ro code        0xa9e         2     0x2  iar_startup_nrf5340_application.o [1]
  .text              ro code        0xaa0         2     0x2  iar_startup_nrf5340_application.o [1]
  .text              ro code        0xaa2         2     0x2  iar_startup_nrf5340_application.o [1]
  .rodata            const          0xaa4               0x0  copy_init3.o [5]
  Initializer bytes  const          0xaa4         4     0x4  <for P2 s0>
                                  - 0xaa8             0x6a8

"P2", part 1 of 2:                                      0x4
  P2 s0                       0x2000'0000               0x4  <Init block>
    .data            inited   0x2000'0000         4     0x4  system_nrf5340_application.o [2]
                            - 0x2000'0004               0x4

"P2", part 2 of 2:                                   0x4000
  CSTACK                      0x2000'0008         8  0x4000  <Block>
    CSTACK           uninit   0x2000'0008            0x4000  <Block tail>
                            - 0x2000'4008            0x4000

Unused ranges:

         From           To      Size
         ----           --      ----
        0xaa8     0xf'ffff  0xf'f558
  0x2000'0004  0x2000'0007       0x4
  0x2000'4008  0x2000'ffff    0xbff8
  0x2001'0000  0x2001'ffff  0x1'0000
  0x2002'0000  0x2002'ffff  0x1'0000
  0x2003'0000  0x2003'ffff  0x1'0000
  0x2004'0000  0x2004'ffff  0x1'0000
  0x2005'0000  0x2005'ffff  0x1'0000
  0x2006'0000  0x2006'ffff  0x1'0000
  0x2007'0000  0x2007'ffff  0x1'0000


*******************************************************************************
*** INIT TABLE
***

          Address      Size
          -------      ----
Copy (__iar_copy_init3)
    1 source range, total size 0x4:
                0xaa4   0x4
    1 destination range, total size 0x4:
          0x2000'0000   0x4



*******************************************************************************
*** MODULE SUMMARY
***

    Module                             ro code  ro data  rw data
    ------                             -------  -------  -------
command line/config:
    ------------------------------------------------------------
    Total:

D:\Projects\GIT\NrfBareMetal\Debug\Obj: [1]
    iar_startup_nrf5340_application.o    1'142
    main.o                                 280
    ------------------------------------------------------------
    Total:                               1'422

D:\Projects\GIT\NrfBareMetal\Debug\Obj\src_15346631385785888340.dir: [2]
    system_nrf5340_application.o         1'064        4        4
    ------------------------------------------------------------
    Total:                               1'064        4        4

dl7M_tln.a: [3]
    exit.o                                   4
    low_level_init.o                         4
    ------------------------------------------------------------
    Total:                                   8

m7M_tls.a: [4]
    fpinit_M.o                              34
    ------------------------------------------------------------
    Total:                                  34

rt7M_tl.a: [5]
    cexit.o                                 10
    cmain.o                                 30
    copy_init3.o                            42
    cstartup_M.o                            28
    data_init.o                             42
    ------------------------------------------------------------
    Total:                                 152

shb_l.a: [6]
    exit.o                                  20
    ------------------------------------------------------------
    Total:                                  20

    Gaps                                     2        2
    Linker created                                   20   16'384
----------------------------------------------------------------
    Grand Total:                         2'702       26   16'388


*******************************************************************************
*** ENTRY LIST
***

Entry                       Address   Size  Type      Object
-----                       -------   ----  ----      ------
.iar.init_table$$Base         0x9b8          --   Gb  - Linker created -
.iar.init_table$$Limit        0x9cc          --   Gb  - Linker created -
?main                         0x9d1         Code  Gb  cmain.o [5]
BusFault_Handler              0xa45         Code  Wk  iar_startup_nrf5340_application.o [1]
CACHE_IRQHandler              0xa55         Code  Wk  iar_startup_nrf5340_application.o [1]
CLOCK_POWER_IRQHandler        0xa59         Code  Wk  iar_startup_nrf5340_application.o [1]
COMP_LPCOMP_IRQHandler        0xa77         Code  Wk  iar_startup_nrf5340_application.o [1]
CRYPTOCELL_IRQHandler         0xaa3         Code  Wk  iar_startup_nrf5340_application.o [1]
CSTACK$$Base            0x2000'0008          --   Gb  - Linker created -
CSTACK$$Limit           0x2000'4008          --   Gb  - Linker created -
DebugMon_Handler              0xa4d         Code  Wk  iar_startup_nrf5340_application.o [1]
EGU0_IRQHandler               0xa79         Code  Wk  iar_startup_nrf5340_application.o [1]
EGU1_IRQHandler               0xa7b         Code  Wk  iar_startup_nrf5340_application.o [1]
EGU2_IRQHandler               0xa7d         Code  Wk  iar_startup_nrf5340_application.o [1]
EGU3_IRQHandler               0xa7f         Code  Wk  iar_startup_nrf5340_application.o [1]
EGU4_IRQHandler               0xa81         Code  Wk  iar_startup_nrf5340_application.o [1]
EGU5_IRQHandler               0xa83         Code  Wk  iar_startup_nrf5340_application.o [1]
FPU_IRQHandler                0xa53         Code  Wk  iar_startup_nrf5340_application.o [1]
GPIOTE0_IRQHandler            0xa65         Code  Wk  iar_startup_nrf5340_application.o [1]
GPIOTE1_IRQHandler            0xa97         Code  Wk  iar_startup_nrf5340_application.o [1]
HardFault_Handler             0x9f7         Code  Wk  iar_startup_nrf5340_application.o [1]
I2S0_IRQHandler               0xa8f         Code  Wk  iar_startup_nrf5340_application.o [1]
IPC_IRQHandler                0xa91         Code  Wk  iar_startup_nrf5340_application.o [1]
KMU_IRQHandler                0xaa1         Code  Wk  iar_startup_nrf5340_application.o [1]
MemoryManagement_Handler
                              0xa03         Code  Wk  iar_startup_nrf5340_application.o [1]
NFCT_IRQHandler               0xa95         Code  Wk  iar_startup_nrf5340_application.o [1]
NMI_Handler                   0x9cd         Code  Wk  iar_startup_nrf5340_application.o [1]
PDM0_IRQHandler               0xa8d         Code  Wk  iar_startup_nrf5340_application.o [1]
PWM0_IRQHandler               0xa85         Code  Wk  iar_startup_nrf5340_application.o [1]
PWM1_IRQHandler               0xa87         Code  Wk  iar_startup_nrf5340_application.o [1]
PWM2_IRQHandler               0xa89         Code  Wk  iar_startup_nrf5340_application.o [1]
PWM3_IRQHandler               0xa8b         Code  Wk  iar_startup_nrf5340_application.o [1]
PendSV_Handler                0xa4f         Code  Wk  iar_startup_nrf5340_application.o [1]
QDEC0_IRQHandler              0xa99         Code  Wk  iar_startup_nrf5340_application.o [1]
QDEC1_IRQHandler              0xa9b         Code  Wk  iar_startup_nrf5340_application.o [1]
QSPI_IRQHandler               0xa93         Code  Wk  iar_startup_nrf5340_application.o [1]
RTC0_IRQHandler               0xa6f         Code  Wk  iar_startup_nrf5340_application.o [1]
RTC1_IRQHandler               0xa71         Code  Wk  iar_startup_nrf5340_application.o [1]
Region$$Table$$Base           0x9b8          --   Gb  - Linker created -
Region$$Table$$Limit          0x9cc          --   Gb  - Linker created -
Reset_Handler                 0xa35         Code  Wk  iar_startup_nrf5340_application.o [1]
SAADC_IRQHandler              0xa67         Code  Wk  iar_startup_nrf5340_application.o [1]
SERIAL0_IRQHandler            0xa5b         Code  Wk  iar_startup_nrf5340_application.o [1]
SERIAL1_IRQHandler            0xa5d         Code  Wk  iar_startup_nrf5340_application.o [1]
SERIAL2_IRQHandler            0xa61         Code  Wk  iar_startup_nrf5340_application.o [1]
SERIAL3_IRQHandler            0xa63         Code  Wk  iar_startup_nrf5340_application.o [1]
SPIM4_IRQHandler              0xa5f         Code  Wk  iar_startup_nrf5340_application.o [1]
SPU_IRQHandler                0xa57         Code  Wk  iar_startup_nrf5340_application.o [1]
SVC_Handler                   0xa4b         Code  Wk  iar_startup_nrf5340_application.o [1]
SecureFault_Handler           0xa49         Code  Wk  iar_startup_nrf5340_application.o [1]
SysTick_Handler               0xa51         Code  Wk  iar_startup_nrf5340_application.o [1]
SystemCoreClock         0x2000'0000    0x4  Data  Gb  system_nrf5340_application.o [2]
SystemInit                    0x60d  0x15a  Code  Gb  system_nrf5340_application.o [2]
SystemStoreFICRNS             0x767   0x2c  Code  Gb  system_nrf5340_application.o [2]
TIMER0_IRQHandler             0xa69         Code  Wk  iar_startup_nrf5340_application.o [1]
TIMER1_IRQHandler             0xa6b         Code  Wk  iar_startup_nrf5340_application.o [1]
TIMER2_IRQHandler             0xa6d         Code  Wk  iar_startup_nrf5340_application.o [1]
USBD_IRQHandler               0xa9d         Code  Wk  iar_startup_nrf5340_application.o [1]
USBREGULATOR_IRQHandler
                              0xa9f         Code  Wk  iar_startup_nrf5340_application.o [1]
UsageFault_Handler            0xa47         Code  Wk  iar_startup_nrf5340_application.o [1]
WDT0_IRQHandler               0xa73         Code  Wk  iar_startup_nrf5340_application.o [1]
WDT1_IRQHandler               0xa75         Code  Wk  iar_startup_nrf5340_application.o [1]
__Vectors                       0x0          --   Gb  iar_startup_nrf5340_application.o [1]
__Vectors_End                 0x400         Data  Gb  iar_startup_nrf5340_application.o [1]
__Vectors_Size {Abs}          0x400          --   Gb  iar_startup_nrf5340_application.o [1]
__cmain                       0x9d1         Code  Gb  cmain.o [5]
__exit                        0xa05   0x14  Code  Gb  exit.o [6]
__iar_copy_init3              0x96b   0x2a  Code  Gb  copy_init3.o [5]
__iar_data_init3              0x941   0x18  Code  Gb  data_init.o [5]
__iar_init_vfp                0x995         Code  Gb  fpinit_M.o [4]
__iar_program_start           0xa19         Code  Gb  cstartup_M.o [5]
__low_level_init              0x9ef    0x4  Code  Gb  low_level_init.o [3]
__vector_table                  0x0         Data  Gb  iar_startup_nrf5340_application.o [1]
_call_main                    0x9dd         Code  Gb  cmain.o [5]
_exit                         0x9f9         Code  Gb  cexit.o [5]
exit                          0x9f3    0x4  Code  Gb  exit.o [3]
main                          0x903   0x2c  Code  Gb  main.o [1]
nrf53_errata_140              0x58f   0x36  Code  Lc  system_nrf5340_application.o [2]
nrf53_errata_160              0x5c5   0x36  Code  Lc  system_nrf5340_application.o [2]
nrf53_errata_42               0x401   0x3a  Code  Lc  system_nrf5340_application.o [2]
nrf53_errata_46               0x43b   0x3a  Code  Lc  system_nrf5340_application.o [2]
nrf53_errata_49               0x475   0x3a  Code  Lc  system_nrf5340_application.o [2]
nrf53_errata_55               0x4af   0x3a  Code  Lc  system_nrf5340_application.o [2]
nrf53_errata_64               0x4e9   0x3a  Code  Lc  system_nrf5340_application.o [2]
nrf53_errata_69               0x523   0x36  Code  Lc  system_nrf5340_application.o [2]
nrf53_errata_97               0x559   0x36  Code  Lc  system_nrf5340_application.o [2]
nrf53_handle_approtect        0x5fb   0x12  Code  Lc  system_nrf5340_application.o [2]
nrf_gpio_cfg                  0x863   0x58  Code  Lc  main.o [1]
nrf_gpio_cfg_output           0x8bb   0x1a  Code  Lc  main.o [1]
nrf_gpio_pin_port_decode
                              0x829   0x24  Code  Lc  main.o [1]
nrf_gpio_pin_port_number_extract
                              0x8f5    0xe  Code  Lc  main.o [1]
nrf_gpio_pin_toggle           0x8d5   0x20  Code  Lc  main.o [1]
nrf_gpio_range_cfg_output
                              0x84d   0x16  Code  Lc  main.o [1]


[1] = D:\Projects\GIT\NrfBareMetal\Debug\Obj
[2] = D:\Projects\GIT\NrfBareMetal\Debug\Obj\src_15346631385785888340.dir
[3] = dl7M_tln.a
[4] = m7M_tls.a
[5] = rt7M_tl.a
[6] = shb_l.a

   2'702 bytes of readonly  code memory
      26 bytes of readonly  data memory
  16'388 bytes of readwrite data memory

Errors: none
Warnings: none
